// Jest Snapshot v1, https://goo.gl/fbAQLP

exports[`CalendarTag should render with default styles 1`] = `
.circuit-0 {
  display: -webkit-inline-box;
  display: -webkit-inline-flex;
  display: -ms-inline-flexbox;
  display: inline-flex;
  -webkit-align-items: center;
  -webkit-box-align: center;
  -ms-flex-align: center;
  align-items: center;
  border-radius: 4px;
  font-size: 16px;
  line-height: 24px;
  box-shadow: 0px 0px 0px 1px #D8DDE1;
  padding: 4px 12px;
  cursor: default;
  cursor: pointer;
}

.circuit-0:hover {
  background-color: #D8DDE1;
  box-shadow: 0px 0px 0px 1px #D8DDE1;
}

<div
  class="circuit-2 circuit-3"
>
  <div
    class="circuit-0 circuit-1"
  >
    Dates
  </div>
</div>
`;
